1. Неправильное использование селекторов в validationConfig? (Должен быть popup?)
2. Правильная ли вызов валидации? Кнопки по факту неактивны при вызове. Хм
3. Доделать верстку ошибки. Позиция относительная, дисплей - блок